../Core/Src/main.c:88:9:ucHeartbeat_message	8	static
../Core/Src/main.c:94:6:HAL_TIM_PeriodElapsedCallback	16	static
../Core/Src/main.c:102:6:HAL_ADC_ConvCpltCallback	16	static
../Core/Src/main.c:107:6:HAL_CAN_RxFifo1FullCallback	16	static
../Core/Src/main.c:112:6:HAL_CAN_RxFifo0MsgPendingCallback	24	static
../Core/Src/main.c:146:6:vCan_messages_init	4	static
../Core/Src/main.c:173:5:main	8	static
../Core/Src/main.c:232:6:SystemClock_Config	160	static
../Core/Src/main.c:283:13:MX_ADC1_Init	48	static
../Core/Src/main.c:349:13:MX_CAN_Init	48	static
../Core/Src/main.c:406:13:MX_TIM3_Init	40	static
../Core/Src/main.c:451:13:MX_TIM15_Init	40	static
../Core/Src/main.c:497:13:MX_TIM16_Init	8	static
../Core/Src/main.c:527:13:MX_DMA_Init	16	static
../Core/Src/main.c:545:13:MX_GPIO_Init	32	static
../Core/Src/main.c:576:6:Error_Handler	4	static,ignoring_inline_asm
