../Core/Src/main.c:74:9:ucHeartbeat_message	8	static
../Core/Src/main.c:80:6:HAL_TIM_PeriodElapsedCallback	16	static
../Core/Src/main.c:87:6:HAL_CAN_RxFifo0MsgPendingCallback	16	static
../Core/Src/main.c:102:6:vCan_messages_init	4	static
../Core/Src/main.c:121:5:main	8	static
../Core/Src/main.c:174:6:SystemClock_Config	160	static
../Core/Src/main.c:221:13:MX_CAN_Init	48	static
../Core/Src/main.c:278:13:MX_TIM16_Init	8	static
../Core/Src/main.c:310:13:MX_GPIO_Init	32	static
../Core/Src/main.c:341:6:Error_Handler	4	static,ignoring_inline_asm
