../Drivers/CMSIS/Include/core_cm4.h:1939:34:__NVIC_SystemReset	4	static,ignoring_inline_asm
../Core/Src/main.c:117:9:usBuildAdc_message	8	static
../Core/Src/main.c:133:9:usHeartbeat_message	8	static
../Core/Src/main.c:139:9:usGetTemperatureValue	16	static
../Core/Src/main.c:145:9:usGetRefVoltValue	16	static
../Core/Src/main.c:150:6:HAL_TIM_PeriodElapsedCallback	16	static
../Core/Src/main.c:171:6:HAL_CAN_RxFifo0MsgPendingCallback	16	static
../Core/Src/main.c:247:6:vCan_messages_init	4	static
../Core/Src/main.c:266:6:setCanSpeed	16	static
../Core/Src/main.c:317:5:main	8	static
../Core/Src/main.c:383:6:SystemClock_Config	160	static
../Core/Src/main.c:433:13:MX_ADC1_Init	48	static
../Core/Src/main.c:507:13:MX_ADC2_Init	32	static
../Core/Src/main.c:564:13:MX_CAN_Init	48	static
../Core/Src/main.c:624:13:MX_TIM3_Init	40	static
../Core/Src/main.c:669:13:MX_TIM4_Init	48	static
../Core/Src/main.c:718:13:MX_TIM16_Init	8	static
../Core/Src/main.c:748:13:MX_DMA_Init	16	static
../Core/Src/main.c:770:13:MX_GPIO_Init	40	static
../Core/Src/main.c:802:6:Error_Handler	4	static,ignoring_inline_asm
