../Core/Src/main.c:81:9:ucHeartbeat_message	8	static
../Core/Src/main.c:87:6:HAL_TIM_PeriodElapsedCallback	16	static
../Core/Src/main.c:94:6:HAL_CAN_RxFifo0MsgPendingCallback	16	static
../Core/Src/main.c:109:6:vCan_messages_init	4	static
../Core/Src/main.c:128:5:main	8	static
../Core/Src/main.c:184:6:SystemClock_Config	160	static
../Core/Src/main.c:234:13:MX_ADC1_Init	48	static
../Core/Src/main.c:309:13:MX_CAN_Init	48	static
../Core/Src/main.c:366:13:MX_TIM3_Init	40	static
../Core/Src/main.c:411:13:MX_TIM16_Init	8	static
../Core/Src/main.c:441:13:MX_DMA_Init	16	static
../Core/Src/main.c:459:13:MX_GPIO_Init	32	static
../Core/Src/main.c:490:6:Error_Handler	4	static,ignoring_inline_asm
