../Drivers/CMSIS/Include/core_cm4.h:1939:34:__NVIC_SystemReset	4	static,ignoring_inline_asm
../Core/Src/main.c:117:9:usBuildAdc_message	8	static
../Core/Src/main.c:132:9:usHeartbeat_message	8	static
../Core/Src/main.c:138:9:usGetTemperatureValue	16	static
../Core/Src/main.c:144:9:usGetRefVoltValue	16	static
../Core/Src/main.c:149:6:HAL_TIM_PeriodElapsedCallback	16	static
../Core/Src/main.c:171:6:vBuildTxMessage	24	static
../Core/Src/main.c:190:6:HAL_CAN_RxFifo0MsgPendingCallback	24	static
../Core/Src/main.c:285:6:vCan_messages_init	4	static
../Core/Src/main.c:304:6:setCanSpeed	16	static
../Core/Src/main.c:348:6:vLedStartup	16	static
../Core/Src/main.c:364:5:main	8	static
../Core/Src/main.c:431:6:SystemClock_Config	160	static
../Core/Src/main.c:481:13:MX_ADC1_Init	48	static
../Core/Src/main.c:556:13:MX_ADC2_Init	32	static
../Core/Src/main.c:613:13:MX_CAN_Init	48	static
../Core/Src/main.c:673:13:MX_TIM3_Init	40	static
../Core/Src/main.c:718:13:MX_TIM4_Init	48	static
../Core/Src/main.c:767:13:MX_TIM16_Init	8	static
../Core/Src/main.c:797:13:MX_DMA_Init	16	static
../Core/Src/main.c:819:13:MX_GPIO_Init	40	static
../Core/Src/main.c:851:6:Error_Handler	4	static,ignoring_inline_asm
