../Core/Src/main.c:98:9:ucHeartbeat_message	8	static
../Core/Src/main.c:103:9:usGetTemperatureValue	16	static
../Core/Src/main.c:109:9:usGetRefVoltValue	16	static
../Core/Src/main.c:114:6:HAL_TIM_PeriodElapsedCallback	16	static
../Core/Src/main.c:125:6:HAL_ADC_ConvCpltCallback	16	static
../Core/Src/main.c:130:6:HAL_CAN_RxFifo1FullCallback	16	static
../Core/Src/main.c:136:6:HAL_CAN_RxFifo0MsgPendingCallback	16	static
../Core/Src/main.c:173:6:vCan_messages_init	4	static
../Core/Src/main.c:198:5:main	8	static
../Core/Src/main.c:262:6:SystemClock_Config	160	static
../Core/Src/main.c:313:13:MX_ADC1_Init	48	static
../Core/Src/main.c:387:13:MX_CAN_Init	48	static
../Core/Src/main.c:444:13:MX_TIM3_Init	40	static
../Core/Src/main.c:489:13:MX_TIM15_Init	40	static
../Core/Src/main.c:535:13:MX_TIM16_Init	8	static
../Core/Src/main.c:565:13:MX_DMA_Init	16	static
../Core/Src/main.c:583:13:MX_GPIO_Init	32	static
../Core/Src/main.c:614:6:Error_Handler	4	static,ignoring_inline_asm
