Archive member included to satisfy reference by file (symbol)

/Applications/STM32CubeIDE.app/Contents/Eclipse/plugins/com.st.stm32cube.ide.mcu.externaltools.gnu-tools-for-stm32.10.3-2021.10.macos64_1.0.200.202301161003/tools/bin/../lib/gcc/arm-none-eabi/10.3.1/../../../../arm-none-eabi/lib/thumb/v7e-m+fp/hard/libc_nano.a(lib_a-errno.o)
                              ./Core/Src/syscalls.o (__errno)
/Applications/STM32CubeIDE.app/Contents/Eclipse/plugins/com.st.stm32cube.ide.mcu.externaltools.gnu-tools-for-stm32.10.3-2021.10.macos64_1.0.200.202301161003/tools/bin/../lib/gcc/arm-none-eabi/10.3.1/../../../../arm-none-eabi/lib/thumb/v7e-m+fp/hard/libc_nano.a(lib_a-exit.o)
                              /Applications/STM32CubeIDE.app/Contents/Eclipse/plugins/com.st.stm32cube.ide.mcu.externaltools.gnu-tools-for-stm32.10.3-2021.10.macos64_1.0.200.202301161003/tools/bin/../lib/gcc/arm-none-eabi/10.3.1/../../../../arm-none-eabi/lib/thumb/v7e-m+fp/hard/crt0.o (exit)
/Applications/STM32CubeIDE.app/Contents/Eclipse/plugins/com.st.stm32cube.ide.mcu.externaltools.gnu-tools-for-stm32.10.3-2021.10.macos64_1.0.200.202301161003/tools/bin/../lib/gcc/arm-none-eabi/10.3.1/../../../../arm-none-eabi/lib/thumb/v7e-m+fp/hard/libc_nano.a(lib_a-impure.o)
                              /Applications/STM32CubeIDE.app/Contents/Eclipse/plugins/com.st.stm32cube.ide.mcu.externaltools.gnu-tools-for-stm32.10.3-2021.10.macos64_1.0.200.202301161003/tools/bin/../lib/gcc/arm-none-eabi/10.3.1/../../../../arm-none-eabi/lib/thumb/v7e-m+fp/hard/libc_nano.a(lib_a-exit.o) (_global_impure_ptr)
/Applications/STM32CubeIDE.app/Contents/Eclipse/plugins/com.st.stm32cube.ide.mcu.externaltools.gnu-tools-for-stm32.10.3-2021.10.macos64_1.0.200.202301161003/tools/bin/../lib/gcc/arm-none-eabi/10.3.1/../../../../arm-none-eabi/lib/thumb/v7e-m+fp/hard/libc_nano.a(lib_a-init.o)
                              /Applications/STM32CubeIDE.app/Contents/Eclipse/plugins/com.st.stm32cube.ide.mcu.externaltools.gnu-tools-for-stm32.10.3-2021.10.macos64_1.0.200.202301161003/tools/bin/../lib/gcc/arm-none-eabi/10.3.1/../../../../arm-none-eabi/lib/thumb/v7e-m+fp/hard/crt0.o (__libc_init_array)
/Applications/STM32CubeIDE.app/Contents/Eclipse/plugins/com.st.stm32cube.ide.mcu.externaltools.gnu-tools-for-stm32.10.3-2021.10.macos64_1.0.200.202301161003/tools/bin/../lib/gcc/arm-none-eabi/10.3.1/../../../../arm-none-eabi/lib/thumb/v7e-m+fp/hard/libc_nano.a(lib_a-memset.o)
                              /Applications/STM32CubeIDE.app/Contents/Eclipse/plugins/com.st.stm32cube.ide.mcu.externaltools.gnu-tools-for-stm32.10.3-2021.10.macos64_1.0.200.202301161003/tools/bin/../lib/gcc/arm-none-eabi/10.3.1/../../../../arm-none-eabi/lib/thumb/v7e-m+fp/hard/crt0.o (memset)

Discarded input sections

 .text          0x0000000000000000        0x0 /Applications/STM32CubeIDE.app/Contents/Eclipse/plugins/com.st.stm32cube.ide.mcu.externaltools.gnu-tools-for-stm32.10.3-2021.10.macos64_1.0.200.202301161003/tools/bin/../lib/gcc/arm-none-eabi/10.3.1/thumb/v7e-m+fp/hard/crti.o
 .data          0x0000000000000000        0x0 /Applications/STM32CubeIDE.app/Contents/Eclipse/plugins/com.st.stm32cube.ide.mcu.externaltools.gnu-tools-for-stm32.10.3-2021.10.macos64_1.0.200.202301161003/tools/bin/../lib/gcc/arm-none-eabi/10.3.1/thumb/v7e-m+fp/hard/crti.o
 .bss           0x0000000000000000        0x0 /Applications/STM32CubeIDE.app/Contents/Eclipse/plugins/com.st.stm32cube.ide.mcu.externaltools.gnu-tools-for-stm32.10.3-2021.10.macos64_1.0.200.202301161003/tools/bin/../lib/gcc/arm-none-eabi/10.3.1/thumb/v7e-m+fp/hard/crti.o
 .data          0x0000000000000000        0x4 /Applications/STM32CubeIDE.app/Contents/Eclipse/plugins/com.st.stm32cube.ide.mcu.externaltools.gnu-tools-for-stm32.10.3-2021.10.macos64_1.0.200.202301161003/tools/bin/../lib/gcc/arm-none-eabi/10.3.1/thumb/v7e-m+fp/hard/crtbegin.o
 .rodata        0x0000000000000000       0x24 /Applications/STM32CubeIDE.app/Contents/Eclipse/plugins/com.st.stm32cube.ide.mcu.externaltools.gnu-tools-for-stm32.10.3-2021.10.macos64_1.0.200.202301161003/tools/bin/../lib/gcc/arm-none-eabi/10.3.1/thumb/v7e-m+fp/hard/crtbegin.o
 .text          0x0000000000000000       0x7c /Applications/STM32CubeIDE.app/Contents/Eclipse/plugins/com.st.stm32cube.ide.mcu.externaltools.gnu-tools-for-stm32.10.3-2021.10.macos64_1.0.200.202301161003/tools/bin/../lib/gcc/arm-none-eabi/10.3.1/../../../../arm-none-eabi/lib/thumb/v7e-m+fp/hard/crt0.o
 .data          0x0000000000000000        0x0 /Applications/STM32CubeIDE.app/Contents/Eclipse/plugins/com.st.stm32cube.ide.mcu.externaltools.gnu-tools-for-stm32.10.3-2021.10.macos64_1.0.200.202301161003/tools/bin/../lib/gcc/arm-none-eabi/10.3.1/../../../../arm-none-eabi/lib/thumb/v7e-m+fp/hard/crt0.o
[...]
Memory Configuration

Name             Origin             Length             Attributes
CCMRAM           0x0000000010000000 0x0000000000004000 xrw
RAM              0x0000000020000000 0x0000000000010000 xrw
FLASH            0x0000000008000000 0x0000000000080000 xr
*default*        0x0000000000000000 0xffffffffffffffff

Linker script and memory map

LOAD /Applications/STM32CubeIDE.app/Contents/Eclipse/plugins/com.st.stm32cube.ide.mcu.externaltools.gnu-tools-for-stm32.10.3-2021.10.macos64_1.0.200.202301161003/tools/bin/../lib/gcc/arm-none-eabi/10.3.1/thumb/v7e-m+fp/hard/crti.o
LOAD /Applications/STM32CubeIDE.app/Contents/Eclipse/plugins/com.st.stm32cube.ide.mcu.externaltools.gnu-tools-for-stm32.10.3-2021.10.macos64_1.0.200.202301161003/tools/bin/../lib/gcc/arm-none-eabi/10.3.1/thumb/v7e-m+fp/hard/crtbegin.o
LOAD /Applications/STM32CubeIDE.app/Contents/Eclipse/plugins/com.st.stm32cube.ide.mcu.externaltools.gnu-tools-for-stm32.10.3-2021.10.macos64_1.0.200.202301161003/tools/bin/../lib/gcc/arm-none-eabi/10.3.1/../../../../arm-none-eabi/lib/thumb/v7e-m+fp/hard/crt0.o
LOAD ./Core/Src/main.o
LOAD ./Core/Src/stm32f3xx_hal_msp.o
LOAD ./Core/Src/stm32f3xx_it.o
LOAD ./Core/Src/syscalls.o
LOAD ./Core/Src/sysmem.o
LOAD ./Core/Src/system_stm32f3xx.o
LOAD ./Core/Startup/startup_stm32f303retx.o
LOAD ./Drivers/STM32F3xx_HAL_Driver/Src/stm32f3xx_hal.o
LOAD ./Drivers/STM32F3xx_HAL_Driver/Src/stm32f3xx_hal_adc.o
LOAD ./Drivers/STM32F3xx_HAL_Driver/Src/stm32f3xx_hal_adc_ex.o
LOAD ./Drivers/STM32F3xx_HAL_Driver/Src/stm32f3xx_hal_can.o
LOAD ./Drivers/STM32F3xx_HAL_Driver/Src/stm32f3xx_hal_cortex.o
LOAD ./Drivers/STM32F3xx_HAL_Driver/Src/stm32f3xx_hal_dma.o
LOAD ./Drivers/STM32F3xx_HAL_Driver/Src/stm32f3xx_hal_exti.o
LOAD ./Drivers/STM32F3xx_HAL_Driver/Src/stm32f3xx_hal_flash.o
LOAD ./Drivers/STM32F3xx_HAL_Driver/Src/stm32f3xx_hal_flash_ex.o
LOAD ./Drivers/STM32F3xx_HAL_Driver/Src/stm32f3xx_hal_gpio.o
LOAD ./Drivers/STM32F3xx_HAL_Driver/Src/stm32f3xx_hal_i2c.o
LOAD ./Drivers/STM32F3xx_HAL_Driver/Src/stm32f3xx_hal_i2c_ex.o
LOAD ./Drivers/STM32F3xx_HAL_Driver/Src/stm32f3xx_hal_pwr.o
LOAD ./Drivers/STM32F3xx_HAL_Driver/Src/stm32f3xx_hal_pwr_ex.o
LOAD ./Drivers/STM32F3xx_HAL_Driver/Src/stm32f3xx_hal_rcc.o
LOAD ./Drivers/STM32F3xx_HAL_Driver/Src/stm32f3xx_hal_rcc_ex.o
LOAD ./Drivers/STM32F3xx_HAL_Driver/Src/stm32f3xx_hal_tim.o
LOAD ./Drivers/STM32F3xx_HAL_Driver/Src/stm32f3xx_hal_tim_ex.o
START GROUP
LOAD /Applications/STM32CubeIDE.app/Contents/Eclipse/plugins/com.st.stm32cube.ide.mcu.externaltools.gnu-tools-for-stm32.10.3-2021.10.macos64_1.0.200.202301161003/tools/bin/../lib/gcc/arm-none-eabi/10.3.1/../../../../arm-none-eabi/lib/thumb/v7e-m+fp/hard/libc_nano.a
LOAD /Applications/STM32CubeIDE.app/Contents/Eclipse/plugins/com.st.stm32cube.ide.mcu.externaltools.gnu-tools-for-stm32.10.3-2021.10.macos64_1.0.200.202301161003/tools/bin/../lib/gcc/arm-none-eabi/10.3.1/../../../../arm-none-eabi/lib/thumb/v7e-m+fp/hard/libm.a
END GROUP
START GROUP
LOAD /Applications/STM32CubeIDE.app/Contents/Eclipse/plugins/com.st.stm32cube.ide.mcu.externaltools.gnu-tools-for-stm32.10.3-2021.10.macos64_1.0.200.202301161003/tools/bin/../lib/gcc/arm-none-eabi/10.3.1/thumb/v7e-m+fp/hard/libgcc.a
LOAD /Applications/STM32CubeIDE.app/Contents/Eclipse/plugins/com.st.stm32cube.ide.mcu.externaltools.gnu-tools-for-stm32.10.3-2021.10.macos64_1.0.200.202301161003/tools/bin/../lib/gcc/arm-none-eabi/10.3.1/../../../../arm-none-eabi/lib/thumb/v7e-m+fp/hard/libc_nano.a
END GROUP
START GROUP
LOAD /Applications/STM32CubeIDE.app/Contents/Eclipse/plugins/com.st.stm32cube.ide.mcu.externaltools.gnu-tools-for-stm32.10.3-2021.10.macos64_1.0.200.202301161003/tools/bin/../lib/gcc/arm-none-eabi/10.3.1/thumb/v7e-m+fp/hard/libgcc.a
LOAD /Applications/STM32CubeIDE.app/Contents/Eclipse/plugins/com.st.stm32cube.ide.mcu.externaltools.gnu-tools-for-stm32.10.3-2021.10.macos64_1.0.200.202301161003/tools/bin/../lib/gcc/arm-none-eabi/10.3.1/../../../../arm-none-eabi/lib/thumb/v7e-m+fp/hard/libc_nano.a
LOAD /Applications/STM32CubeIDE.app/Contents/Eclipse/plugins/com.st.stm32cube.ide.mcu.externaltools.gnu-tools-for-stm32.10.3-2021.10.macos64_1.0.200.202301161003/tools/bin/../lib/gcc/arm-none-eabi/10.3.1/../../../../arm-none-eabi/lib/thumb/v7e-m+fp/hard/libnosys.a
END GROUP
START GROUP
LOAD /Applications/STM32CubeIDE.app/Contents/Eclipse/plugins/com.st.stm32cube.ide.mcu.externaltools.gnu-tools-for-stm32.10.3-2021.10.macos64_1.0.200.202301161003/tools/bin/../lib/gcc/arm-none-eabi/10.3.1/thumb/v7e-m+fp/hard/libgcc.a
LOAD /Applications/STM32CubeIDE.app/Contents/Eclipse/plugins/com.st.stm32cube.ide.mcu.externaltools.gnu-tools-for-stm32.10.3-2021.10.macos64_1.0.200.202301161003/tools/bin/../lib/gcc/arm-none-eabi/10.3.1/../../../../arm-none-eabi/lib/thumb/v7e-m+fp/hard/libc_nano.a
LOAD /Applications/STM32CubeIDE.app/Contents/Eclipse/plugins/com.st.stm32cube.ide.mcu.externaltools.gnu-tools-for-stm32.10.3-2021.10.macos64_1.0.200.202301161003/tools/bin/../lib/gcc/arm-none-eabi/10.3.1/../../../../arm-none-eabi/lib/thumb/v7e-m+fp/hard/libnosys.a
END GROUP
LOAD /Applications/STM32CubeIDE.app/Contents/Eclipse/plugins/com.st.stm32cube.ide.mcu.externaltools.gnu-tools-for-stm32.10.3-2021.10.macos64_1.0.200.202301161003/tools/bin/../lib/gcc/arm-none-eabi/10.3.1/thumb/v7e-m+fp/hard/crtend.o
LOAD /Applications/STM32CubeIDE.app/Contents/Eclipse/plugins/com.st.stm32cube.ide.mcu.externaltools.gnu-tools-for-stm32.10.3-2021.10.macos64_1.0.200.202301161003/tools/bin/../lib/gcc/arm-none-eabi/10.3.1/thumb/v7e-m+fp/hard/crtn.o
                0x0000000020010000                _estack = (ORIGIN (RAM) + LENGTH (RAM))
                0x0000000000000200                _Min_Heap_Size = 0x200
                0x0000000000000400                _Min_Stack_Size = 0x400

.isr_vector     0x0000000008000000      0x194
                0x0000000008000000                . = ALIGN (0x4)
 *(.isr_vector)
 .isr_vector    0x0000000008000000      0x194 ./Core/Startup/startup_stm32f303retx.o
                0x0000000008000000                g_pfnVectors
                0x0000000008000194                . = ALIGN (0x4)

.text           0x0000000008000194     0x5384
                0x0000000008000194                . = ALIGN (0x4)
 *(.text)
 .text          0x0000000008000194       0x40 /Applications/STM32CubeIDE.app/Contents/Eclipse/plugins/com.st.stm32cube.ide.mcu.externaltools.gnu-tools-for-stm32.10.3-2021.10.macos64_1.0.200.202301161003/tools/bin/../lib/gcc/arm-none-eabi/10.3.1/thumb/v7e-m+fp/hard/crtbegin.o
 *(.text*)
 .text.ucHeartbeat_message
                0x00000000080001d4       0x2c ./Core/Src/main.o
                0x00000000080001d4                ucHeartbeat_message
 .text.HAL_TIM_PeriodElapsedCallback
                0x0000000008000200       0x34 ./Core/Src/main.o
                0x0000000008000200                HAL_TIM_PeriodElapsedCallback
 .text.HAL_CAN_RxFifo0MsgPendingCallback
                0x0000000008000234       0x54 ./Core/Src/main.o
                0x0000000008000234                HAL_CAN_RxFifo0MsgPendingCallback
 .text.vCan_messages_init
                0x0000000008000288       0x44 ./Core/Src/main.o
                0x0000000008000288                vCan_messages_init
 .text.main     0x00000000080002cc       0x6c ./Core/Src/main.o
                0x00000000080002cc                main
 .text.SystemClock_Config
                0x0000000008000338       0xcc ./Core/Src/main.o
                0x0000000008000338                SystemClock_Config
 .text.MX_ADC1_Init
                0x0000000008000404       0xfc ./Core/Src/main.o
 .text.MX_CAN_Init
                0x0000000008000500       0xa4 ./Core/Src/main.o
 .text.MX_TIM3_Init
                0x00000000080005a4       0x9c ./Core/Src/main.o
 .text.MX_TIM16_Init
                0x0000000008000640       0x50 ./Core/Src/main.o
 .text.MX_DMA_Init
                0x0000000008000690       0x3c ./Core/Src/main.o
 .text.MX_GPIO_Init
                0x00000000080006cc       0x60 ./Core/Src/main.o
 .text.Error_Handler
                0x000000000800072c        0xa ./Core/Src/main.o
                0x000000000800072c                Error_Handler
 *fill*         0x0000000008000736        0x2 
 .text.HAL_MspInit
                0x0000000008000738       0x48 ./Core/Src/stm32f3xx_hal_msp.o
                0x0000000008000738                HAL_MspInit
 .text.HAL_ADC_MspInit
                0x0000000008000780       0xa0 ./Core/Src/stm32f3xx_hal_msp.o
                0x0000000008000780                HAL_ADC_MspInit
 .text.HAL_CAN_MspInit
                0x0000000008000820       0xb8 ./Core/Src/stm32f3xx_hal_msp.o
                0x0000000008000820                HAL_CAN_MspInit
 .text.HAL_TIM_Base_MspInit
                0x00000000080008d8       0x74 ./Core/Src/stm32f3xx_hal_msp.o
                0x00000000080008d8                HAL_TIM_Base_MspInit
 .text.NMI_Handler
                0x000000000800094c        0x6 ./Core/Src/stm32f3xx_it.o
                0x000000000800094c                NMI_Handler
 .text.HardFault_Handler
                0x0000000008000952        0x6 ./Core/Src/stm32f3xx_it.o
                0x0000000008000952                HardFault_Handler
 .text.MemManage_Handler
                0x0000000008000958        0x6 ./Core/Src/stm32f3xx_it.o
                0x0000000008000958                MemManage_Handler
 .text.BusFault_Handler
                0x000000000800095e        0x6 ./Core/Src/stm32f3xx_it.o
                0x000000000800095e                BusFault_Handler
 .text.UsageFault_Handler
                0x0000000008000964        0x6 ./Core/Src/stm32f3xx_it.o
                0x0000000008000964                UsageFault_Handler
 .text.SVC_Handler
                0x000000000800096a        0xe ./Core/Src/stm32f3xx_it.o
                0x000000000800096a                SVC_Handler
 .text.DebugMon_Handler
                0x0000000008000978        0xe ./Core/Src/stm32f3xx_it.o
                0x0000000008000978                DebugMon_Handler
 .text.PendSV_Handler
                0x0000000008000986        0xe ./Core/Src/stm32f3xx_it.o
                0x0000000008000986                PendSV_Handler
 .text.SysTick_Handler
                0x0000000008000994        0xc ./Core/Src/stm32f3xx_it.o
                0x0000000008000994                SysTick_Handler
 .text.DMA1_Channel1_IRQHandler
                0x00000000080009a0       0x14 ./Core/Src/stm32f3xx_it.o
                0x00000000080009a0                DMA1_Channel1_IRQHandler
 .text.ADC1_2_IRQHandler
                0x00000000080009b4       0x14 ./Core/Src/stm32f3xx_it.o
                0x00000000080009b4                ADC1_2_IRQHandler
 .text.USB_LP_CAN_RX0_IRQHandler
                0x00000000080009c8       0x14 ./Core/Src/stm32f3xx_it.o
                0x00000000080009c8                USB_LP_CAN_RX0_IRQHandler
 .text.CAN_RX1_IRQHandler
                0x00000000080009dc       0x14 ./Core/Src/stm32f3xx_it.o
                0x00000000080009dc                CAN_RX1_IRQHandler
 .text.CAN_SCE_IRQHandler
                0x00000000080009f0       0x14 ./Core/Src/stm32f3xx_it.o
                0x00000000080009f0                CAN_SCE_IRQHandler
 .text.TIM1_UP_TIM16_IRQHandler
                0x0000000008000a04       0x14 ./Core/Src/stm32f3xx_it.o
                0x0000000008000a04                TIM1_UP_TIM16_IRQHandler
 .text.SystemInit
                0x0000000008000a18       0x24 ./Core/Src/system_stm32f3xx.o
                0x0000000008000a18                SystemInit
 .text.Reset_Handler
                0x0000000008000a3c       0x50 ./Core/Startup/startup_stm32f303retx.o
                0x0000000008000a3c                Reset_Handler
 .text.Default_Handler
                0x0000000008000a8c        0x2 ./Core/Startup/startup_stm32f303retx.o
                0x0000000008000a8c                TIM1_BRK_TIM15_IRQHandler
                0x0000000008000a8c                TIM8_TRG_COM_IRQHandler
                0x0000000008000a8c                TIM8_CC_IRQHandler
                0x0000000008000a8c                SPI4_IRQHandler
                0x0000000008000a8c                TIM1_CC_IRQHandler
                0x0000000008000a8c                USB_HP_IRQHandler
                0x0000000008000a8c                PVD_IRQHandler
                0x0000000008000a8c                TAMP_STAMP_IRQHandler
                0x0000000008000a8c                EXTI3_IRQHandler
                0x0000000008000a8c                I2C3_ER_IRQHandler
                0x0000000008000a8c                USB_HP_CAN_TX_IRQHandler
                0x0000000008000a8c                EXTI0_IRQHandler
                0x0000000008000a8c                I2C2_EV_IRQHandler
                0x0000000008000a8c                FPU_IRQHandler
                0x0000000008000a8c                SPI1_IRQHandler
                0x0000000008000a8c                TIM6_DAC_IRQHandler
                0x0000000008000a8c                TIM8_UP_IRQHandler
                0x0000000008000a8c                DMA2_Channel2_IRQHandler
                0x0000000008000a8c                DMA1_Channel4_IRQHandler
                0x0000000008000a8c                TIM20_TRG_COM_IRQHandler
                0x0000000008000a8c                USART3_IRQHandler
                0x0000000008000a8c                DMA1_Channel7_IRQHandler
                0x0000000008000a8c                UART5_IRQHandler
                0x0000000008000a8c                ADC3_IRQHandler
                0x0000000008000a8c                TIM4_IRQHandler
                0x0000000008000a8c                DMA2_Channel1_IRQHandler
                0x0000000008000a8c                I2C1_EV_IRQHandler
                0x0000000008000a8c                DMA1_Channel6_IRQHandler
                0x0000000008000a8c                UART4_IRQHandler
                0x0000000008000a8c                DMA2_Channel4_IRQHandler
                0x0000000008000a8c                TIM3_IRQHandler
                0x0000000008000a8c                RCC_IRQHandler
                0x0000000008000a8c                TIM20_UP_IRQHandler
                0x0000000008000a8c                Default_Handler
                0x0000000008000a8c                USBWakeUp_RMP_IRQHandler
                0x0000000008000a8c                EXTI15_10_IRQHandler
                0x0000000008000a8c                TIM7_IRQHandler
                0x0000000008000a8c                I2C3_EV_IRQHandler
                0x0000000008000a8c                EXTI9_5_IRQHandler
                0x0000000008000a8c                RTC_WKUP_IRQHandler
                0x0000000008000a8c                SPI2_IRQHandler
                0x0000000008000a8c                DMA2_Channel5_IRQHandler
                0x0000000008000a8c                DMA1_Channel5_IRQHandler
                0x0000000008000a8c                USB_LP_IRQHandler
                0x0000000008000a8c                EXTI4_IRQHandler
                0x0000000008000a8c                TIM1_TRG_COM_TIM17_IRQHandler
                0x0000000008000a8c                DMA1_Channel3_IRQHandler
                0x0000000008000a8c                ADC4_IRQHandler
                0x0000000008000a8c                WWDG_IRQHandler
                0x0000000008000a8c                TIM2_IRQHandler
                0x0000000008000a8c                COMP7_IRQHandler
                0x0000000008000a8c                COMP1_2_3_IRQHandler
                0x0000000008000a8c                EXTI1_IRQHandler
                0x0000000008000a8c                USART2_IRQHandler
                0x0000000008000a8c                COMP4_5_6_IRQHandler
                0x0000000008000a8c                TIM20_BRK_IRQHandler
                0x0000000008000a8c                I2C2_ER_IRQHandler
                0x0000000008000a8c                DMA1_Channel2_IRQHandler
                0x0000000008000a8c                TIM8_BRK_IRQHandler
                0x0000000008000a8c                FLASH_IRQHandler
                0x0000000008000a8c                TIM20_CC_IRQHandler
                0x0000000008000a8c                USART1_IRQHandler
                0x0000000008000a8c                SPI3_IRQHandler
                0x0000000008000a8c                I2C1_ER_IRQHandler
                0x0000000008000a8c                FMC_IRQHandler
                0x0000000008000a8c                USBWakeUp_IRQHandler
                0x0000000008000a8c                DMA2_Channel3_IRQHandler
                0x0000000008000a8c                EXTI2_TSC_IRQHandler
                0x0000000008000a8c                RTC_Alarm_IRQHandler
 *fill*         0x0000000008000a8e        0x2 
 .text.HAL_Init
                0x0000000008000a90       0x2c ./Drivers/STM32F3xx_HAL_Driver/Src/stm32f3xx_hal.o
                0x0000000008000a90                HAL_Init
 .text.HAL_InitTick
                0x0000000008000abc       0x60 ./Drivers/STM32F3xx_HAL_Driver/Src/stm32f3xx_hal.o
                0x0000000008000abc                HAL_InitTick
 .text.HAL_IncTick
                0x0000000008000b1c       0x28 ./Drivers/STM32F3xx_HAL_Driver/Src/stm32f3xx_hal.o
                0x0000000008000b1c                HAL_IncTick
 .text.HAL_GetTick
                0x0000000008000b44       0x18 ./Drivers/STM32F3xx_HAL_Driver/Src/stm32f3xx_hal.o
                0x0000000008000b44                HAL_GetTick
 .text.HAL_ADC_ConvCpltCallback
                0x0000000008000b5c       0x14 ./Drivers/STM32F3xx_HAL_Driver/Src/stm32f3xx_hal_adc.o
                0x0000000008000b5c                HAL_ADC_ConvCpltCallback
 .text.HAL_ADC_LevelOutOfWindowCallback
                0x0000000008000b70       0x14 ./Drivers/STM32F3xx_HAL_Driver/Src/stm32f3xx_hal_adc.o
                0x0000000008000b70                HAL_ADC_LevelOutOfWindowCallback
 .text.HAL_ADC_ErrorCallback
                0x0000000008000b84       0x14 ./Drivers/STM32F3xx_HAL_Driver/Src/stm32f3xx_hal_adc.o
                0x0000000008000b84                HAL_ADC_ErrorCallback
 .text.HAL_ADC_Init
                0x0000000008000b98      0x3f4 ./Drivers/STM32F3xx_HAL_Driver/Src/stm32f3xx_hal_adc_ex.o
                0x0000000008000b98                HAL_ADC_Init
 .text.HAL_ADC_IRQHandler
                0x0000000008000f8c      0x5cc ./Drivers/STM32F3xx_HAL_Driver/Src/stm32f3xx_hal_adc_ex.o
                0x0000000008000f8c                HAL_ADC_IRQHandler
 .text.HAL_ADCEx_InjectedConvCpltCallback
                0x0000000008001558       0x14 ./Drivers/STM32F3xx_HAL_Driver/Src/stm32f3xx_hal_adc_ex.o
                0x0000000008001558                HAL_ADCEx_InjectedConvCpltCallback
 .text.HAL_ADCEx_InjectedQueueOverflowCallback
                0x000000000800156c       0x14 ./Drivers/STM32F3xx_HAL_Driver/Src/stm32f3xx_hal_adc_ex.o
                0x000000000800156c                HAL_ADCEx_InjectedQueueOverflowCallback
 .text.HAL_ADCEx_LevelOutOfWindow2Callback
                0x0000000008001580       0x14 ./Drivers/STM32F3xx_HAL_Driver/Src/stm32f3xx_hal_adc_ex.o
                0x0000000008001580                HAL_ADCEx_LevelOutOfWindow2Callback
 .text.HAL_ADCEx_LevelOutOfWindow3Callback
                0x0000000008001594       0x14 ./Drivers/STM32F3xx_HAL_Driver/Src/stm32f3xx_hal_adc_ex.o
                0x0000000008001594                HAL_ADCEx_LevelOutOfWindow3Callback
 .text.HAL_ADC_ConfigChannel
                0x00000000080015a8      0x5d8 ./Drivers/STM32F3xx_HAL_Driver/Src/stm32f3xx_hal_adc_ex.o
                0x00000000080015a8                HAL_ADC_ConfigChannel
 .text.HAL_ADCEx_MultiModeConfigChannel
                0x0000000008001b80      0x1e4 ./Drivers/STM32F3xx_HAL_Driver/Src/stm32f3xx_hal_adc_ex.o
                0x0000000008001b80                HAL_ADCEx_MultiModeConfigChannel
 .text.ADC_Disable
                0x0000000008001d64       0xcc ./Drivers/STM32F3xx_HAL_Driver/Src/stm32f3xx_hal_adc_ex.o
 .text.HAL_CAN_Init
                0x0000000008001e30      0x1f6 ./Drivers/STM32F3xx_HAL_Driver/Src/stm32f3xx_hal_can.o
                0x0000000008001e30                HAL_CAN_Init
 .text.HAL_CAN_ConfigFilter
                0x0000000008002026      0x194 ./Drivers/STM32F3xx_HAL_Driver/Src/stm32f3xx_hal_can.o
                0x0000000008002026                HAL_CAN_ConfigFilter
 .text.HAL_CAN_Start
                0x00000000080021ba       0x88 ./Drivers/STM32F3xx_HAL_Driver/Src/stm32f3xx_hal_can.o
                0x00000000080021ba                HAL_CAN_Start
 .text.HAL_CAN_AddTxMessage
                0x0000000008002242      0x1a0 ./Drivers/STM32F3xx_HAL_Driver/Src/stm32f3xx_hal_can.o
                0x0000000008002242                HAL_CAN_AddTxMessage
 .text.HAL_CAN_GetRxMessage
                0x00000000080023e2      0x244 ./Drivers/STM32F3xx_HAL_Driver/Src/stm32f3xx_hal_can.o
                0x00000000080023e2                HAL_CAN_GetRxMessage
 .text.HAL_CAN_ActivateNotification
                0x0000000008002626       0x4c ./Drivers/STM32F3xx_HAL_Driver/Src/stm32f3xx_hal_can.o
                0x0000000008002626                HAL_CAN_ActivateNotification
 .text.HAL_CAN_IRQHandler
                0x0000000008002672      0x36e ./Drivers/STM32F3xx_HAL_Driver/Src/stm32f3xx_hal_can.o
                0x0000000008002672                HAL_CAN_IRQHandler
 .text.HAL_CAN_TxMailbox0CompleteCallback
                0x00000000080029e0       0x14 ./Drivers/STM32F3xx_HAL_Driver/Src/stm32f3xx_hal_can.o
                0x00000000080029e0                HAL_CAN_TxMailbox0CompleteCallback
 .text.HAL_CAN_TxMailbox1CompleteCallback
                0x00000000080029f4       0x14 ./Drivers/STM32F3xx_HAL_Driver/Src/stm32f3xx_hal_can.o
                0x00000000080029f4                HAL_CAN_TxMailbox1CompleteCallback
 .text.HAL_CAN_TxMailbox2CompleteCallback
                0x0000000008002a08       0x14 ./Drivers/STM32F3xx_HAL_Driver/Src/stm32f3xx_hal_can.o
                0x0000000008002a08                HAL_CAN_TxMailbox2CompleteCallback
 .text.HAL_CAN_TxMailbox0AbortCallback
                0x0000000008002a1c       0x14 ./Drivers/STM32F3xx_HAL_Driver/Src/stm32f3xx_hal_can.o
                0x0000000008002a1c                HAL_CAN_TxMailbox0AbortCallback
 .text.HAL_CAN_TxMailbox1AbortCallback
                0x0000000008002a30       0x14 ./Drivers/STM32F3xx_HAL_Driver/Src/stm32f3xx_hal_can.o
                0x0000000008002a30                HAL_CAN_TxMailbox1AbortCallback
 .text.HAL_CAN_TxMailbox2AbortCallback
                0x0000000008002a44       0x14 ./Drivers/STM32F3xx_HAL_Driver/Src/stm32f3xx_hal_can.o
                0x0000000008002a44                HAL_CAN_TxMailbox2AbortCallback
 .text.HAL_CAN_RxFifo0FullCallback
                0x0000000008002a58       0x14 ./Drivers/STM32F3xx_HAL_Driver/Src/stm32f3xx_hal_can.o
                0x0000000008002a58                HAL_CAN_RxFifo0FullCallback
 .text.HAL_CAN_RxFifo1MsgPendingCallback
                0x0000000008002a6c       0x14 ./Drivers/STM32F3xx_HAL_Driver/Src/stm32f3xx_hal_can.o
                0x0000000008002a6c                HAL_CAN_RxFifo1MsgPendingCallback
 .text.HAL_CAN_RxFifo1FullCallback
                0x0000000008002a80       0x14 ./Drivers/STM32F3xx_HAL_Driver/Src/stm32f3xx_hal_can.o
                0x0000000008002a80                HAL_CAN_RxFifo1FullCallback
 .text.HAL_CAN_SleepCallback
                0x0000000008002a94       0x14 ./Drivers/STM32F3xx_HAL_Driver/Src/stm32f3xx_hal_can.o
                0x0000000008002a94                HAL_CAN_SleepCallback
 .text.HAL_CAN_WakeUpFromRxMsgCallback
                0x0000000008002aa8       0x14 ./Drivers/STM32F3xx_HAL_Driver/Src/stm32f3xx_hal_can.o
                0x0000000008002aa8                HAL_CAN_WakeUpFromRxMsgCallback
 .text.HAL_CAN_ErrorCallback
                0x0000000008002abc       0x14 ./Drivers/STM32F3xx_HAL_Driver/Src/stm32f3xx_hal_can.o
                0x0000000008002abc                HAL_CAN_ErrorCallback
 .text.__NVIC_SetPriorityGrouping
                0x0000000008002ad0       0x48 ./Drivers/STM32F3xx_HAL_Driver/Src/stm32f3xx_hal_cortex.o
 .text.__NVIC_GetPriorityGrouping
                0x0000000008002b18       0x1c ./Drivers/STM32F3xx_HAL_Driver/Src/stm32f3xx_hal_cortex.o
 .text.__NVIC_EnableIRQ
                0x0000000008002b34       0x3c ./Drivers/STM32F3xx_HAL_Driver/Src/stm32f3xx_hal_cortex.o
 .text.__NVIC_SetPriority
                0x0000000008002b70       0x54 ./Drivers/STM32F3xx_HAL_Driver/Src/stm32f3xx_hal_cortex.o
 .text.NVIC_EncodePriority
                0x0000000008002bc4       0x66 ./Drivers/STM32F3xx_HAL_Driver/Src/stm32f3xx_hal_cortex.o
 *fill*         0x0000000008002c2a        0x2 
 .text.SysTick_Config
                0x0000000008002c2c       0x44 ./Drivers/STM32F3xx_HAL_Driver/Src/stm32f3xx_hal_cortex.o
 .text.HAL_NVIC_SetPriorityGrouping
                0x0000000008002c70       0x16 ./Drivers/STM32F3xx_HAL_Driver/Src/stm32f3xx_hal_cortex.o
                0x0000000008002c70                HAL_NVIC_SetPriorityGrouping
 .text.HAL_NVIC_SetPriority
                0x0000000008002c86       0x38 ./Drivers/STM32F3xx_HAL_Driver/Src/stm32f3xx_hal_cortex.o
                0x0000000008002c86                HAL_NVIC_SetPriority
 .text.HAL_NVIC_EnableIRQ
                0x0000000008002cbe       0x1c ./Drivers/STM32F3xx_HAL_Driver/Src/stm32f3xx_hal_cortex.o
                0x0000000008002cbe                HAL_NVIC_EnableIRQ
 .text.HAL_SYSTICK_Config
                0x0000000008002cda       0x18 ./Drivers/STM32F3xx_HAL_Driver/Src/stm32f3xx_hal_cortex.o
                0x0000000008002cda                HAL_SYSTICK_Config
 .text.HAL_DMA_Init
                0x0000000008002cf2       0x8e ./Drivers/STM32F3xx_HAL_Driver/Src/stm32f3xx_hal_dma.o
                0x0000000008002cf2                HAL_DMA_Init
 .text.HAL_DMA_IRQHandler
                0x0000000008002d80      0x146 ./Drivers/STM32F3xx_HAL_Driver/Src/stm32f3xx_hal_dma.o
                0x0000000008002d80                HAL_DMA_IRQHandler
 *fill*         0x0000000008002ec6        0x2 
 .text.DMA_CalcBaseAndBitshift
                0x0000000008002ec8       0x78 ./Drivers/STM32F3xx_HAL_Driver/Src/stm32f3xx_hal_dma.o
 .text.HAL_GPIO_Init
                0x0000000008002f40      0x314 ./Drivers/STM32F3xx_HAL_Driver/Src/stm32f3xx_hal_gpio.o
                0x0000000008002f40                HAL_GPIO_Init
 .text.HAL_GPIO_WritePin
                0x0000000008003254       0x30 ./Drivers/STM32F3xx_HAL_Driver/Src/stm32f3xx_hal_gpio.o
                0x0000000008003254                HAL_GPIO_WritePin
 .text.HAL_RCC_OscConfig
                0x0000000008003284     0x10a8 ./Drivers/STM32F3xx_HAL_Driver/Src/stm32f3xx_hal_rcc.o
                0x0000000008003284                HAL_RCC_OscConfig
 .text.HAL_RCC_ClockConfig
                0x000000000800432c      0x2f8 ./Drivers/STM32F3xx_HAL_Driver/Src/stm32f3xx_hal_rcc.o
                0x000000000800432c                HAL_RCC_ClockConfig
 .text.HAL_RCC_GetSysClockFreq
                0x0000000008004624       0xd4 ./Drivers/STM32F3xx_HAL_Driver/Src/stm32f3xx_hal_rcc.o
                0x0000000008004624                HAL_RCC_GetSysClockFreq
 .text.HAL_RCCEx_PeriphCLKConfig
                0x00000000080046f8      0x43c ./Drivers/STM32F3xx_HAL_Driver/Src/stm32f3xx_hal_rcc_ex.o
                0x00000000080046f8                HAL_RCCEx_PeriphCLKConfig
 .text.HAL_TIM_Base_Init
                0x0000000008004b34       0xae ./Drivers/STM32F3xx_HAL_Driver/Src/stm32f3xx_hal_tim.o
                0x0000000008004b34                HAL_TIM_Base_Init
 *fill*         0x0000000008004be2        0x2 
 .text.HAL_TIM_Base_Start_IT
                0x0000000008004be4       0xe0 ./Drivers/STM32F3xx_HAL_Driver/Src/stm32f3xx_hal_tim.o
                0x0000000008004be4                HAL_TIM_Base_Start_IT
 .text.HAL_TIM_IRQHandler
                0x0000000008004cc4      0x23e ./Drivers/STM32F3xx_HAL_Driver/Src/stm32f3xx_hal_tim.o
                0x0000000008004cc4                HAL_TIM_IRQHandler
 .text.HAL_TIM_ConfigClockSource
                0x0000000008004f02      0x192 ./Drivers/STM32F3xx_HAL_Driver/Src/stm32f3xx_hal_tim.o
                0x0000000008004f02                HAL_TIM_ConfigClockSource
 .text.HAL_TIM_OC_DelayElapsedCallback
                0x0000000008005094       0x14 ./Drivers/STM32F3xx_HAL_Driver/Src/stm32f3xx_hal_tim.o
                0x0000000008005094                HAL_TIM_OC_DelayElapsedCallback
 .text.HAL_TIM_IC_CaptureCallback
                0x00000000080050a8       0x14 ./Drivers/STM32F3xx_HAL_Driver/Src/stm32f3xx_hal_tim.o
                0x00000000080050a8                HAL_TIM_IC_CaptureCallback
 .text.HAL_TIM_PWM_PulseFinishedCallback
                0x00000000080050bc       0x14 ./Drivers/STM32F3xx_HAL_Driver/Src/stm32f3xx_hal_tim.o
                0x00000000080050bc                HAL_TIM_PWM_PulseFinishedCallback
 .text.HAL_TIM_TriggerCallback
                0x00000000080050d0       0x14 ./Drivers/STM32F3xx_HAL_Driver/Src/stm32f3xx_hal_tim.o
                0x00000000080050d0                HAL_TIM_TriggerCallback
 .text.TIM_Base_SetConfig
                0x00000000080050e4      0x13c ./Drivers/STM32F3xx_HAL_Driver/Src/stm32f3xx_hal_tim.o
                0x00000000080050e4                TIM_Base_SetConfig
 .text.TIM_TI1_ConfigInputStage
                0x0000000008005220       0x5e ./Drivers/STM32F3xx_HAL_Driver/Src/stm32f3xx_hal_tim.o
 .text.TIM_TI2_ConfigInputStage
                0x000000000800527e       0x60 ./Drivers/STM32F3xx_HAL_Driver/Src/stm32f3xx_hal_tim.o
 .text.TIM_ITRx_SetConfig
                0x00000000080052de       0x36 ./Drivers/STM32F3xx_HAL_Driver/Src/stm32f3xx_hal_tim.o
 .text.TIM_ETR_SetConfig
                0x0000000008005314       0x40 ./Drivers/STM32F3xx_HAL_Driver/Src/stm32f3xx_hal_tim.o
                0x0000000008005314                TIM_ETR_SetConfig
 .text.HAL_TIMEx_MasterConfigSynchronization
                0x0000000008005354      0x118 ./Drivers/STM32F3xx_HAL_Driver/Src/stm32f3xx_hal_tim_ex.o
                0x0000000008005354                HAL_TIMEx_MasterConfigSynchronization
 .text.HAL_TIMEx_CommutCallback
                0x000000000800546c       0x14 ./Drivers/STM32F3xx_HAL_Driver/Src/stm32f3xx_hal_tim_ex.o
                0x000000000800546c                HAL_TIMEx_CommutCallback
 .text.HAL_TIMEx_BreakCallback
                0x0000000008005480       0x14 ./Drivers/STM32F3xx_HAL_Driver/Src/stm32f3xx_hal_tim_ex.o
                0x0000000008005480                HAL_TIMEx_BreakCallback
 .text.HAL_TIMEx_Break2Callback
                0x0000000008005494       0x14 ./Drivers/STM32F3xx_HAL_Driver/Src/stm32f3xx_hal_tim_ex.o
                0x0000000008005494                HAL_TIMEx_Break2Callback
 .text.__libc_init_array
                0x00000000080054a8       0x48 /Applications/STM32CubeIDE.app/Contents/Eclipse/plugins/com.st.stm32cube.ide.mcu.externaltools.gnu-tools-for-stm32.10.3-2021.10.macos64_1.0.200.202301161003/tools/bin/../lib/gcc/arm-none-eabi/10.3.1/../../../../arm-none-eabi/lib/thumb/v7e-m+fp/hard/libc_nano.a(lib_a-init.o)
                0x00000000080054a8                __libc_init_array
 .text.memset   0x00000000080054f0       0x10 /Applications/STM32CubeIDE.app/Contents/Eclipse/plugins/com.st.stm32cube.ide.mcu.externaltools.gnu-tools-for-stm32.10.3-2021.10.macos64_1.0.200.202301161003/tools/bin/../lib/gcc/arm-none-eabi/10.3.1/../../../../arm-none-eabi/lib/thumb/v7e-m+fp/hard/libc_nano.a(lib_a-memset.o)
                0x00000000080054f0                memset
 *(.glue_7)
 .glue_7        0x0000000008005500        0x0 linker stubs
 *(.glue_7t)
 .glue_7t       0x0000000008005500        0x0 linker stubs
 *(.eh_frame)
 .eh_frame      0x0000000008005500        0x0 /Applications/STM32CubeIDE.app/Contents/Eclipse/plugins/com.st.stm32cube.ide.mcu.externaltools.gnu-tools-for-stm32.10.3-2021.10.macos64_1.0.200.202301161003/tools/bin/../lib/gcc/arm-none-eabi/10.3.1/thumb/v7e-m+fp/hard/crtbegin.o
 *(.init)
 .init          0x0000000008005500        0x4 /Applications/STM32CubeIDE.app/Contents/Eclipse/plugins/com.st.stm32cube.ide.mcu.externaltools.gnu-tools-for-stm32.10.3-2021.10.macos64_1.0.200.202301161003/tools/bin/../lib/gcc/arm-none-eabi/10.3.1/thumb/v7e-m+fp/hard/crti.o
                0x0000000008005500                _init
 .init          0x0000000008005504        0x8 /Applications/STM32CubeIDE.app/Contents/Eclipse/plugins/com.st.stm32cube.ide.mcu.externaltools.gnu-tools-for-stm32.10.3-2021.10.macos64_1.0.200.202301161003/tools/bin/../lib/gcc/arm-none-eabi/10.3.1/thumb/v7e-m+fp/hard/crtn.o
 *(.fini)
 .fini          0x000000000800550c        0x4 /Applications/STM32CubeIDE.app/Contents/Eclipse/plugins/com.st.stm32cube.ide.mcu.externaltools.gnu-tools-for-stm32.10.3-2021.10.macos64_1.0.200.202301161003/tools/bin/../lib/gcc/arm-none-eabi/10.3.1/thumb/v7e-m+fp/hard/crti.o
                0x000000000800550c                _fini
 .fini          0x0000000008005510        0x8 /Applications/STM32CubeIDE.app/Contents/Eclipse/plugins/com.st.stm32cube.ide.mcu.externaltools.gnu-tools-for-stm32.10.3-2021.10.macos64_1.0.200.202301161003/tools/bin/../lib/gcc/arm-none-eabi/10.3.1/thumb/v7e-m+fp/hard/crtn.o
                0x0000000008005518                . = ALIGN (0x4)
                0x0000000008005518                _etext = .

.vfp11_veneer   0x0000000008005518        0x0
 .vfp11_veneer  0x0000000008005518        0x0 linker stubs

.v4_bx          0x0000000008005518        0x0
 .v4_bx         0x0000000008005518        0x0 linker stubs

.iplt           0x0000000008005518        0x0
 .iplt          0x0000000008005518        0x0 /Applications/STM32CubeIDE.app/Contents/Eclipse/plugins/com.st.stm32cube.ide.mcu.externaltools.gnu-tools-for-stm32.10.3-2021.10.macos64_1.0.200.202301161003/tools/bin/../lib/gcc/arm-none-eabi/10.3.1/thumb/v7e-m+fp/hard/crtbegin.o

.rodata         0x0000000008005518       0x30
                0x0000000008005518                . = ALIGN (0x4)
 *(.rodata)
 *(.rodata*)
 .rodata.AHBPrescTable
                0x0000000008005518       0x10 ./Core/Src/system_stm32f3xx.o
                0x0000000008005518                AHBPrescTable
 .rodata.aPLLMULFactorTable
                0x0000000008005528       0x10 ./Drivers/STM32F3xx_HAL_Driver/Src/stm32f3xx_hal_rcc.o
 .rodata.aPredivFactorTable
                0x0000000008005538       0x10 ./Drivers/STM32F3xx_HAL_Driver/Src/stm32f3xx_hal_rcc.o
                0x0000000008005548                . = ALIGN (0x4)

.rel.dyn        0x0000000008005548        0x0
 .rel.iplt      0x0000000008005548        0x0 /Applications/STM32CubeIDE.app/Contents/Eclipse/plugins/com.st.stm32cube.ide.mcu.externaltools.gnu-tools-for-stm32.10.3-2021.10.macos64_1.0.200.202301161003/tools/bin/../lib/gcc/arm-none-eabi/10.3.1/thumb/v7e-m+fp/hard/crtbegin.o

.ARM.extab      0x0000000008005548        0x0
                0x0000000008005548                . = ALIGN (0x4)
 *(.ARM.extab* .gnu.linkonce.armextab.*)
                0x0000000008005548                . = ALIGN (0x4)

.ARM            0x0000000008005548        0x0
                0x0000000008005548                . = ALIGN (0x4)
                0x0000000008005548                __exidx_start = .
 *(.ARM.exidx*)
                0x0000000008005548                __exidx_end = .
                0x0000000008005548                . = ALIGN (0x4)

.preinit_array  0x0000000008005548        0x0
                0x0000000008005548                . = ALIGN (0x4)
                0x0000000008005548                PROVIDE (__preinit_array_start = .)
 *(.preinit_array*)
                0x0000000008005548                PROVIDE (__preinit_array_end = .)
                0x0000000008005548                . = ALIGN (0x4)

.init_array     0x0000000008005548        0x4
                0x0000000008005548                . = ALIGN (0x4)
                0x0000000008005548                PROVIDE (__init_array_start = .)
 *(SORT_BY_NAME(.init_array.*))
 *(.init_array*)
 .init_array    0x0000000008005548        0x4 /Applications/STM32CubeIDE.app/Contents/Eclipse/plugins/com.st.stm32cube.ide.mcu.externaltools.gnu-tools-for-stm32.10.3-2021.10.macos64_1.0.200.202301161003/tools/bin/../lib/gcc/arm-none-eabi/10.3.1/thumb/v7e-m+fp/hard/crtbegin.o
                0x000000000800554c                PROVIDE (__init_array_end = .)
                0x000000000800554c                . = ALIGN (0x4)

.fini_array     0x000000000800554c        0x4
                0x000000000800554c                . = ALIGN (0x4)
                [!provide]                        PROVIDE (__fini_array_start = .)
 *(SORT_BY_NAME(.fini_array.*))
 *(.fini_array*)
 .fini_array    0x000000000800554c        0x4 /Applications/STM32CubeIDE.app/Contents/Eclipse/plugins/com.st.stm32cube.ide.mcu.externaltools.gnu-tools-for-stm32.10.3-2021.10.macos64_1.0.200.202301161003/tools/bin/../lib/gcc/arm-none-eabi/10.3.1/thumb/v7e-m+fp/hard/crtbegin.o
                [!provide]                        PROVIDE (__fini_array_end = .)
                0x0000000008005550                . = ALIGN (0x4)
                0x0000000008005550                _sidata = LOADADDR (.data)

.data           0x0000000020000000       0x10 load address 0x0000000008005550
                0x0000000020000000                . = ALIGN (0x4)
                0x0000000020000000                _sdata = .
 *(.data)
 *(.data*)
 .data.nodeId   0x0000000020000000        0x1 ./Core/Src/main.o
                0x0000000020000000                nodeId
 *fill*         0x0000000020000001        0x3 
 .data.SystemCoreClock
                0x0000000020000004        0x4 ./Core/Src/system_stm32f3xx.o
                0x0000000020000004                SystemCoreClock
 .data.uwTickPrio
                0x0000000020000008        0x4 ./Drivers/STM32F3xx_HAL_Driver/Src/stm32f3xx_hal.o
                0x0000000020000008                uwTickPrio
 .data.uwTickFreq
                0x000000002000000c        0x1 ./Drivers/STM32F3xx_HAL_Driver/Src/stm32f3xx_hal.o
                0x000000002000000c                uwTickFreq
 *(.RamFunc)
 *(.RamFunc*)
                0x0000000020000010                . = ALIGN (0x4)
 *fill*         0x000000002000000d        0x3 
                0x0000000020000010                _edata = .
                0x0000000008005560                _siccmram = LOADADDR (.ccmram)

.igot.plt       0x0000000020000010        0x0 load address 0x0000000008005560
 .igot.plt      0x0000000020000010        0x0 /Applications/STM32CubeIDE.app/Contents/Eclipse/plugins/com.st.stm32cube.ide.mcu.externaltools.gnu-tools-for-stm32.10.3-2021.10.macos64_1.0.200.202301161003/tools/bin/../lib/gcc/arm-none-eabi/10.3.1/thumb/v7e-m+fp/hard/crtbegin.o

.ccmram         0x0000000010000000        0x0 load address 0x0000000008005560
                0x0000000010000000                . = ALIGN (0x4)
                0x0000000010000000                _sccmram = .
 *(.ccmram)
 *(.ccmram*)
                0x0000000010000000                . = ALIGN (0x4)
                0x0000000010000000                _eccmram = .
                0x0000000010000000                . = ALIGN (0x4)

.bss            0x0000000020000010      0x1c0
                0x0000000020000010                _sbss = .
                0x0000000020000010                __bss_start__ = _sbss
 *(.bss)
 .bss           0x0000000020000010       0x1c /Applications/STM32CubeIDE.app/Contents/Eclipse/plugins/com.st.stm32cube.ide.mcu.externaltools.gnu-tools-for-stm32.10.3-2021.10.macos64_1.0.200.202301161003/tools/bin/../lib/gcc/arm-none-eabi/10.3.1/thumb/v7e-m+fp/hard/crtbegin.o
 *(.bss*)
 .bss.hadc1     0x000000002000002c       0x50 ./Core/Src/main.o
                0x000000002000002c                hadc1
 .bss.hdma_adc1
                0x000000002000007c       0x44 ./Core/Src/main.o
                0x000000002000007c                hdma_adc1
 .bss.hcan      0x00000000200000c0       0x28 ./Core/Src/main.o
                0x00000000200000c0                hcan
 .bss.htim3     0x00000000200000e8       0x4c ./Core/Src/main.o
                0x00000000200000e8                htim3
 .bss.htim16    0x0000000020000134       0x4c ./Core/Src/main.o
                0x0000000020000134                htim16
 .bss.RxHeader  0x0000000020000180       0x1c ./Core/Src/main.o
                0x0000000020000180                RxHeader
 .bss.heartbeat_msgTxHeader
                0x000000002000019c       0x18 ./Core/Src/main.o
                0x000000002000019c                heartbeat_msgTxHeader
 .bss.TxMailbox
                0x00000000200001b4        0x4 ./Core/Src/main.o
                0x00000000200001b4                TxMailbox
 .bss.RxData    0x00000000200001b8        0x8 ./Core/Src/main.o
                0x00000000200001b8                RxData
 .bss.can_status
                0x00000000200001c0        0x1 ./Core/Src/main.o
                0x00000000200001c0                can_status
 *fill*         0x00000000200001c1        0x3 
 .bss.heartbeat
                0x00000000200001c4        0x8 ./Core/Src/main.o
                0x00000000200001c4                heartbeat
 .bss.uwTick    0x00000000200001cc        0x4 ./Drivers/STM32F3xx_HAL_Driver/Src/stm32f3xx_hal.o
                0x00000000200001cc                uwTick
 *(COMMON)
                0x00000000200001d0                . = ALIGN (0x4)
                0x00000000200001d0                _ebss = .
                0x00000000200001d0                __bss_end__ = _ebss

._user_heap_stack
                0x00000000200001d0      0x600
                0x00000000200001d0                . = ALIGN (0x8)
                [!provide]                        PROVIDE (end = .)
                0x00000000200001d0                PROVIDE (_end = .)
                0x00000000200003d0                . = (. + _Min_Heap_Size)
 *fill*         0x00000000200001d0      0x200 
                0x00000000200007d0                . = (. + _Min_Stack_Size)
 *fill*         0x00000000200003d0      0x400 
                0x00000000200007d0                . = ALIGN (0x8)

/DISCARD/
 libc.a(*)
 libm.a(*)
 libgcc.a(*)

.ARM.attributes
                0x0000000000000000       0x30
 *(.ARM.attributes)
 .ARM.attributes
                0x0000000000000000       0x1e /Applications/STM32CubeIDE.app/Contents/Eclipse/plugins/com.st.stm32cube.ide.mcu.externaltools.gnu-tools-for-stm32.10.3-2021.10.macos64_1.0.200.202301161003/tools/bin/../lib/gcc/arm-none-eabi/10.3.1/thumb/v7e-m+fp/hard/crti.o
 .ARM.attributes
                0x000000000000001e       0x34 /Applications/STM32CubeIDE.app/Contents/Eclipse/plugins/com.st.stm32cube.ide.mcu.externaltools.gnu-tools-for-stm32.10.3-2021.10.macos64_1.0.200.202301161003/tools/bin/../lib/gcc/arm-none-eabi/10.3.1/thumb/v7e-m+fp/hard/crtbegin.o
 .ARM.attributes
                0x0000000000000052       0x34 ./Core/Src/main.o
 .ARM.attributes
                0x0000000000000086       0x34 ./Core/Src/stm32f3xx_hal_msp.o
 .ARM.attributes
                0x00000000000000ba       0x34 ./Core/Src/stm32f3xx_it.o
 .ARM.attributes
                0x00000000000000ee       0x34 ./Core/Src/system_stm32f3xx.o
 .ARM.attributes
                0x0000000000000122       0x21 ./Core/Startup/startup_stm32f303retx.o
 .ARM.attributes
                0x0000000000000143       0x34 ./Drivers/STM32F3xx_HAL_Driver/Src/stm32f3xx_hal.o
 .ARM.attributes
                0x0000000000000177       0x34 ./Drivers/STM32F3xx_HAL_Driver/Src/stm32f3xx_hal_adc.o
 .ARM.attributes
                0x00000000000001ab       0x34 ./Drivers/STM32F3xx_HAL_Driver/Src/stm32f3xx_hal_adc_ex.o
 .ARM.attributes
                0x00000000000001df       0x34 ./Drivers/STM32F3xx_HAL_Driver/Src/stm32f3xx_hal_can.o
 .ARM.attributes
                0x0000000000000213       0x34 ./Drivers/STM32F3xx_HAL_Driver/Src/stm32f3xx_hal_cortex.o
 .ARM.attributes
                0x0000000000000247       0x34 ./Drivers/STM32F3xx_HAL_Driver/Src/stm32f3xx_hal_dma.o
 .ARM.attributes
                0x000000000000027b       0x34 ./Drivers/STM32F3xx_HAL_Driver/Src/stm32f3xx_hal_gpio.o
 .ARM.attributes
                0x00000000000002af       0x34 ./Drivers/STM32F3xx_HAL_Driver/Src/stm32f3xx_hal_rcc.o
 .ARM.attributes
                0x00000000000002e3       0x34 ./Drivers/STM32F3xx_HAL_Driver/Src/stm32f3xx_hal_rcc_ex.o
 .ARM.attributes
                0x0000000000000317       0x34 ./Drivers/STM32F3xx_HAL_Driver/Src/stm32f3xx_hal_tim.o
 .ARM.attributes
                0x000000000000034b       0x34 ./Drivers/STM32F3xx_HAL_Driver/Src/stm32f3xx_hal_tim_ex.o
 .ARM.attributes
                0x000000000000037f       0x34 /Applications/STM32CubeIDE.app/Contents/Eclipse/plugins/com.st.stm32cube.ide.mcu.externaltools.gnu-tools-for-stm32.10.3-2021.10.macos64_1.0.200.202301161003/tools/bin/../lib/gcc/arm-none-eabi/10.3.1/../../../../arm-none-eabi/lib/thumb/v7e-m+fp/hard/libc_nano.a(lib_a-init.o)
 .ARM.attributes
                0x00000000000003b3       0x34 /Applications/STM32CubeIDE.app/Contents/Eclipse/plugins/com.st.stm32cube.ide.mcu.externaltools.gnu-tools-for-stm32.10.3-2021.10.macos64_1.0.200.202301161003/tools/bin/../lib/gcc/arm-none-eabi/10.3.1/../../../../arm-none-eabi/lib/thumb/v7e-m+fp/hard/libc_nano.a(lib_a-memset.o)
 .ARM.attributes
                0x00000000000003e7       0x1e /Applications/STM32CubeIDE.app/Contents/Eclipse/plugins/com.st.stm32cube.ide.mcu.externaltools.gnu-tools-for-stm32.10.3-2021.10.macos64_1.0.200.202301161003/tools/bin/../lib/gcc/arm-none-eabi/10.3.1/thumb/v7e-m+fp/hard/crtn.o
OUTPUT(stm-can-source.elf elf32-littlearm)
LOAD linker stubs
LOAD /Applications/STM32CubeIDE.app/Contents/Eclipse/plugins/com.st.stm32cube.ide.mcu.externaltools.gnu-tools-for-stm32.10.3-2021.10.macos64_1.0.200.202301161003/tools/bin/../lib/gcc/arm-none-eabi/10.3.1/../../../../arm-none-eabi/lib/thumb/v7e-m+fp/hard/libc.a
LOAD /Applications/STM32CubeIDE.app/Contents/Eclipse/plugins/com.st.stm32cube.ide.mcu.externaltools.gnu-tools-for-stm32.10.3-2021.10.macos64_1.0.200.202301161003/tools/bin/../lib/gcc/arm-none-eabi/10.3.1/../../../../arm-none-eabi/lib/thumb/v7e-m+fp/hard/libm.a
LOAD /Applications/STM32CubeIDE.app/Contents/Eclipse/plugins/com.st.stm32cube.ide.mcu.externaltools.gnu-tools-for-stm32.10.3-2021.10.macos64_1.0.200.202301161003/tools/bin/../lib/gcc/arm-none-eabi/10.3.1/thumb/v7e-m+fp/hard/libgcc.a

.debug_info     0x0000000000000000     0xfbbf
 .debug_info    0x0000000000000000     0x1d09 ./Core/Src/main.o
 .debug_info    0x0000000000001d09     0x1497 ./Core/Src/stm32f3xx_hal_msp.o
 .debug_info    0x00000000000031a0      0xf5a ./Core/Src/stm32f3xx_it.o
 .debug_info    0x00000000000040fa      0x416 ./Core/Src/system_stm32f3xx.o
 .debug_info    0x0000000000004510       0x22 ./Core/Startup/startup_stm32f303retx.o
 .debug_info    0x0000000000004532      0x837 ./Drivers/STM32F3xx_HAL_Driver/Src/stm32f3xx_hal.o
 .debug_info    0x0000000000004d69      0xb9e ./Drivers/STM32F3xx_HAL_Driver/Src/stm32f3xx_hal_adc.o
 .debug_info    0x0000000000005907     0x16d2 ./Drivers/STM32F3xx_HAL_Driver/Src/stm32f3xx_hal_adc_ex.o
 .debug_info    0x0000000000006fd9      0xfe9 ./Drivers/STM32F3xx_HAL_Driver/Src/stm32f3xx_hal_can.o
 .debug_info    0x0000000000007fc2      0xdb5 ./Drivers/STM32F3xx_HAL_Driver/Src/stm32f3xx_hal_cortex.o
 .debug_info    0x0000000000008d77      0x757 ./Drivers/STM32F3xx_HAL_Driver/Src/stm32f3xx_hal_dma.o
 .debug_info    0x00000000000094ce      0x74e ./Drivers/STM32F3xx_HAL_Driver/Src/stm32f3xx_hal_gpio.o
 .debug_info    0x0000000000009c1c     0x1596 ./Drivers/STM32F3xx_HAL_Driver/Src/stm32f3xx_hal_rcc.o
 .debug_info    0x000000000000b1b2      0x68a ./Drivers/STM32F3xx_HAL_Driver/Src/stm32f3xx_hal_rcc_ex.o
 .debug_info    0x000000000000b83c     0x2cdb ./Drivers/STM32F3xx_HAL_Driver/Src/stm32f3xx_hal_tim.o
 .debug_info    0x000000000000e517     0x16a8 ./Drivers/STM32F3xx_HAL_Driver/Src/stm32f3xx_hal_tim_ex.o

.debug_abbrev   0x0000000000000000     0x2179
 .debug_abbrev  0x0000000000000000      0x302 ./Core/Src/main.o
 .debug_abbrev  0x0000000000000302      0x24b ./Core/Src/stm32f3xx_hal_msp.o
 .debug_abbrev  0x000000000000054d      0x1f5 ./Core/Src/stm32f3xx_it.o
 .debug_abbrev  0x0000000000000742      0x116 ./Core/Src/system_stm32f3xx.o
 .debug_abbrev  0x0000000000000858       0x12 ./Core/Startup/startup_stm32f303retx.o
 .debug_abbrev  0x000000000000086a      0x20e ./Drivers/STM32F3xx_HAL_Driver/Src/stm32f3xx_hal.o
 .debug_abbrev  0x0000000000000a78      0x17a ./Drivers/STM32F3xx_HAL_Driver/Src/stm32f3xx_hal_adc.o
 .debug_abbrev  0x0000000000000bf2      0x27a ./Drivers/STM32F3xx_HAL_Driver/Src/stm32f3xx_hal_adc_ex.o
 .debug_abbrev  0x0000000000000e6c      0x235 ./Drivers/STM32F3xx_HAL_Driver/Src/stm32f3xx_hal_can.o
 .debug_abbrev  0x00000000000010a1      0x316 ./Drivers/STM32F3xx_HAL_Driver/Src/stm32f3xx_hal_cortex.o
 .debug_abbrev  0x00000000000013b7      0x1fe ./Drivers/STM32F3xx_HAL_Driver/Src/stm32f3xx_hal_dma.o
 .debug_abbrev  0x00000000000015b5      0x1bb ./Drivers/STM32F3xx_HAL_Driver/Src/stm32f3xx_hal_gpio.o
 .debug_abbrev  0x0000000000001770      0x2f9 ./Drivers/STM32F3xx_HAL_Driver/Src/stm32f3xx_hal_rcc.o
 .debug_abbrev  0x0000000000001a69      0x240 ./Drivers/STM32F3xx_HAL_Driver/Src/stm32f3xx_hal_rcc_ex.o
 .debug_abbrev  0x0000000000001ca9      0x264 ./Drivers/STM32F3xx_HAL_Driver/Src/stm32f3xx_hal_tim.o
 .debug_abbrev  0x0000000000001f0d      0x26c ./Drivers/STM32F3xx_HAL_Driver/Src/stm32f3xx_hal_tim_ex.o

.debug_aranges  0x0000000000000000      0xe08
 .debug_aranges
                0x0000000000000000       0x80 ./Core/Src/main.o
 .debug_aranges
                0x0000000000000080       0x50 ./Core/Src/stm32f3xx_hal_msp.o
 .debug_aranges
                0x00000000000000d0       0x90 ./Core/Src/stm32f3xx_it.o
 .debug_aranges
                0x0000000000000160       0x28 ./Core/Src/system_stm32f3xx.o
 .debug_aranges
                0x0000000000000188       0x28 ./Core/Startup/startup_stm32f303retx.o
 .debug_aranges
                0x00000000000001b0       0xe0 ./Drivers/STM32F3xx_HAL_Driver/Src/stm32f3xx_hal.o
 .debug_aranges
                0x0000000000000290       0xc8 ./Drivers/STM32F3xx_HAL_Driver/Src/stm32f3xx_hal_adc.o
 .debug_aranges
                0x0000000000000358      0x168 ./Drivers/STM32F3xx_HAL_Driver/Src/stm32f3xx_hal_adc_ex.o
 .debug_aranges
                0x00000000000004c0      0x138 ./Drivers/STM32F3xx_HAL_Driver/Src/stm32f3xx_hal_can.o
 .debug_aranges
                0x00000000000005f8      0x118 ./Drivers/STM32F3xx_HAL_Driver/Src/stm32f3xx_hal_cortex.o
 .debug_aranges
                0x0000000000000710       0x88 ./Drivers/STM32F3xx_HAL_Driver/Src/stm32f3xx_hal_dma.o
 .debug_aranges
                0x0000000000000798       0x58 ./Drivers/STM32F3xx_HAL_Driver/Src/stm32f3xx_hal_gpio.o
 .debug_aranges
                0x00000000000007f0       0x88 ./Drivers/STM32F3xx_HAL_Driver/Src/stm32f3xx_hal_rcc.o
 .debug_aranges
                0x0000000000000878       0x38 ./Drivers/STM32F3xx_HAL_Driver/Src/stm32f3xx_hal_rcc_ex.o
 .debug_aranges
                0x00000000000008b0      0x3e0 ./Drivers/STM32F3xx_HAL_Driver/Src/stm32f3xx_hal_tim.o
 .debug_aranges
                0x0000000000000c90      0x178 ./Drivers/STM32F3xx_HAL_Driver/Src/stm32f3xx_hal_tim_ex.o

.debug_ranges   0x0000000000000000      0xd10
 .debug_ranges  0x0000000000000000       0x70 ./Core/Src/main.o
 .debug_ranges  0x0000000000000070       0x40 ./Core/Src/stm32f3xx_hal_msp.o
 .debug_ranges  0x00000000000000b0       0x80 ./Core/Src/stm32f3xx_it.o
 .debug_ranges  0x0000000000000130       0x18 ./Core/Src/system_stm32f3xx.o
 .debug_ranges  0x0000000000000148       0x20 ./Core/Startup/startup_stm32f303retx.o
 .debug_ranges  0x0000000000000168       0xd0 ./Drivers/STM32F3xx_HAL_Driver/Src/stm32f3xx_hal.o
 .debug_ranges  0x0000000000000238       0xb8 ./Drivers/STM32F3xx_HAL_Driver/Src/stm32f3xx_hal_adc.o
 .debug_ranges  0x00000000000002f0      0x158 ./Drivers/STM32F3xx_HAL_Driver/Src/stm32f3xx_hal_adc_ex.o
 .debug_ranges  0x0000000000000448      0x128 ./Drivers/STM32F3xx_HAL_Driver/Src/stm32f3xx_hal_can.o
 .debug_ranges  0x0000000000000570      0x108 ./Drivers/STM32F3xx_HAL_Driver/Src/stm32f3xx_hal_cortex.o
 .debug_ranges  0x0000000000000678       0x78 ./Drivers/STM32F3xx_HAL_Driver/Src/stm32f3xx_hal_dma.o
 .debug_ranges  0x00000000000006f0       0x48 ./Drivers/STM32F3xx_HAL_Driver/Src/stm32f3xx_hal_gpio.o
 .debug_ranges  0x0000000000000738       0x78 ./Drivers/STM32F3xx_HAL_Driver/Src/stm32f3xx_hal_rcc.o
 .debug_ranges  0x00000000000007b0       0x28 ./Drivers/STM32F3xx_HAL_Driver/Src/stm32f3xx_hal_rcc_ex.o
 .debug_ranges  0x00000000000007d8      0x3d0 ./Drivers/STM32F3xx_HAL_Driver/Src/stm32f3xx_hal_tim.o
 .debug_ranges  0x0000000000000ba8      0x168 ./Drivers/STM32F3xx_HAL_Driver/Src/stm32f3xx_hal_tim_ex.o

.debug_macro    0x0000000000000000    0x20b13
 .debug_macro   0x0000000000000000      0x1f5 ./Core/Src/main.o
 .debug_macro   0x00000000000001f5      0xa78 ./Core/Src/main.o
 .debug_macro   0x0000000000000c6d      0x15d ./Core/Src/main.o
 .debug_macro   0x0000000000000dca       0x2e ./Core/Src/main.o
 .debug_macro   0x0000000000000df8       0x28 ./Core/Src/main.o
 .debug_macro   0x0000000000000e20       0x22 ./Core/Src/main.o
 .debug_macro   0x0000000000000e42       0x8e ./Core/Src/main.o
 .debug_macro   0x0000000000000ed0       0x51 ./Core/Src/main.o
 .debug_macro   0x0000000000000f21      0x103 ./Core/Src/main.o
 .debug_macro   0x0000000000001024       0x6a ./Core/Src/main.o
 .debug_macro   0x000000000000108e      0x1df ./Core/Src/main.o
 .debug_macro   0x000000000000126d       0x1c ./Core/Src/main.o
 .debug_macro   0x0000000000001289       0x22 ./Core/Src/main.o
 .debug_macro   0x00000000000012ab       0xd9 ./Core/Src/main.o
 .debug_macro   0x0000000000001384     0x102d ./Core/Src/main.o
 .debug_macro   0x00000000000023b1      0x11f ./Core/Src/main.o
 .debug_macro   0x00000000000024d0    0x1535a ./Core/Src/main.o
 .debug_macro   0x000000000001782a       0x6d ./Core/Src/main.o
 .debug_macro   0x0000000000017897     0x3558 ./Core/Src/main.o
 .debug_macro   0x000000000001adef      0x174 ./Core/Src/main.o
 .debug_macro   0x000000000001af63       0x55 ./Core/Src/main.o
 .debug_macro   0x000000000001afb8      0x953 ./Core/Src/main.o
 .debug_macro   0x000000000001b90b      0x84a ./Core/Src/main.o
 .debug_macro   0x000000000001c155      0x1b5 ./Core/Src/main.o
 .debug_macro   0x000000000001c30a      0x23a ./Core/Src/main.o
 .debug_macro   0x000000000001c544      0x1ea ./Core/Src/main.o
 .debug_macro   0x000000000001c72e      0x1bc ./Core/Src/main.o
 .debug_macro   0x000000000001c8ea       0x30 ./Core/Src/main.o
 .debug_macro   0x000000000001c91a       0x3c ./Core/Src/main.o
 .debug_macro   0x000000000001c956      0x235 ./Core/Src/main.o
 .debug_macro   0x000000000001cb8b      0x9fe ./Core/Src/main.o
 .debug_macro   0x000000000001d589       0x77 ./Core/Src/main.o
 .debug_macro   0x000000000001d600      0x408 ./Core/Src/main.o
 .debug_macro   0x000000000001da08       0xc5 ./Core/Src/main.o
 .debug_macro   0x000000000001dacd      0x21d ./Core/Src/main.o
 .debug_macro   0x000000000001dcea      0x22c ./Core/Src/main.o
 .debug_macro   0x000000000001df16       0x5b ./Core/Src/main.o
 .debug_macro   0x000000000001df71       0xa5 ./Core/Src/main.o
 .debug_macro   0x000000000001e016       0x81 ./Core/Src/main.o
 .debug_macro   0x000000000001e097       0xd3 ./Core/Src/main.o
 .debug_macro   0x000000000001e16a      0xa59 ./Core/Src/main.o
 .debug_macro   0x000000000001ebc3       0xba ./Core/Src/main.o
 .debug_macro   0x000000000001ec7d      0x347 ./Core/Src/main.o
 .debug_macro   0x000000000001efc4       0x10 ./Core/Src/main.o
 .debug_macro   0x000000000001efd4      0x1f5 ./Core/Src/stm32f3xx_hal_msp.o
 .debug_macro   0x000000000001f1c9      0x1ff ./Core/Src/stm32f3xx_it.o
 .debug_macro   0x000000000001f3c8      0x1e6 ./Core/Src/system_stm32f3xx.o
 .debug_macro   0x000000000001f5ae      0x20a ./Drivers/STM32F3xx_HAL_Driver/Src/stm32f3xx_hal.o
 .debug_macro   0x000000000001f7b8      0x1e7 ./Drivers/STM32F3xx_HAL_Driver/Src/stm32f3xx_hal_adc.o
 .debug_macro   0x000000000001f99f      0x210 ./Drivers/STM32F3xx_HAL_Driver/Src/stm32f3xx_hal_adc_ex.o
 .debug_macro   0x000000000001fbaf      0x1ee ./Drivers/STM32F3xx_HAL_Driver/Src/stm32f3xx_hal_can.o
 .debug_macro   0x000000000001fd9d      0x1e6 ./Drivers/STM32F3xx_HAL_Driver/Src/stm32f3xx_hal_cortex.o
 .debug_macro   0x000000000001ff83      0x1e6 ./Drivers/STM32F3xx_HAL_Driver/Src/stm32f3xx_hal_dma.o
 .debug_macro   0x0000000000020169      0x1ed ./Drivers/STM32F3xx_HAL_Driver/Src/stm32f3xx_hal_gpio.o
 .debug_macro   0x0000000000020356      0x20a ./Drivers/STM32F3xx_HAL_Driver/Src/stm32f3xx_hal_rcc.o
 .debug_macro   0x0000000000020560      0x1e6 ./Drivers/STM32F3xx_HAL_Driver/Src/stm32f3xx_hal_rcc_ex.o
 .debug_macro   0x0000000000020746      0x1e7 ./Drivers/STM32F3xx_HAL_Driver/Src/stm32f3xx_hal_tim.o
 .debug_macro   0x000000000002092d      0x1e6 ./Drivers/STM32F3xx_HAL_Driver/Src/stm32f3xx_hal_tim_ex.o

.debug_line     0x0000000000000000    0x10ffa
 .debug_line    0x0000000000000000      0x9ff ./Core/Src/main.o
 .debug_line    0x00000000000009ff      0x83f ./Core/Src/stm32f3xx_hal_msp.o
 .debug_line    0x000000000000123e      0x882 ./Core/Src/stm32f3xx_it.o
 .debug_line    0x0000000000001ac0      0x7ab ./Core/Src/system_stm32f3xx.o
 .debug_line    0x000000000000226b       0x88 ./Core/Startup/startup_stm32f303retx.o
 .debug_line    0x00000000000022f3      0x9db ./Drivers/STM32F3xx_HAL_Driver/Src/stm32f3xx_hal.o
 .debug_line    0x0000000000002cce      0x91f ./Drivers/STM32F3xx_HAL_Driver/Src/stm32f3xx_hal_adc.o
 .debug_line    0x00000000000035ed     0x27c1 ./Drivers/STM32F3xx_HAL_Driver/Src/stm32f3xx_hal_adc_ex.o
 .debug_line    0x0000000000005dae     0x1180 ./Drivers/STM32F3xx_HAL_Driver/Src/stm32f3xx_hal_can.o
 .debug_line    0x0000000000006f2e      0xca0 ./Drivers/STM32F3xx_HAL_Driver/Src/stm32f3xx_hal_cortex.o
 .debug_line    0x0000000000007bce      0xced ./Drivers/STM32F3xx_HAL_Driver/Src/stm32f3xx_hal_dma.o
 .debug_line    0x00000000000088bb      0xb62 ./Drivers/STM32F3xx_HAL_Driver/Src/stm32f3xx_hal_gpio.o
 .debug_line    0x000000000000941d     0x13d0 ./Drivers/STM32F3xx_HAL_Driver/Src/stm32f3xx_hal_rcc.o
 .debug_line    0x000000000000a7ed      0xef6 ./Drivers/STM32F3xx_HAL_Driver/Src/stm32f3xx_hal_rcc_ex.o
 .debug_line    0x000000000000b6e3     0x3e11 ./Drivers/STM32F3xx_HAL_Driver/Src/stm32f3xx_hal_tim.o
 .debug_line    0x000000000000f4f4     0x1b06 ./Drivers/STM32F3xx_HAL_Driver/Src/stm32f3xx_hal_tim_ex.o

.debug_str      0x0000000000000000    0xcd0e9
 .debug_str     0x0000000000000000    0xca09b ./Core/Src/main.o
                                      0xcaa09 (size before relaxing)
 .debug_str     0x00000000000ca09b       0xeb ./Core/Src/stm32f3xx_hal_msp.o
                                      0xca2b2 (size before relaxing)
 .debug_str     0x00000000000ca186      0x154 ./Core/Src/stm32f3xx_it.o
                                      0xc9d67 (size before relaxing)
 .debug_str     0x00000000000ca2da       0xdf ./Core/Src/system_stm32f3xx.o
                                      0xc9351 (size before relaxing)
 .debug_str     0x00000000000ca3b9       0x36 ./Core/Startup/startup_stm32f303retx.o
                                         0x6f (size before relaxing)
 .debug_str     0x00000000000ca3ef      0x3a1 ./Drivers/STM32F3xx_HAL_Driver/Src/stm32f3xx_hal.o
                                      0xc9bfa (size before relaxing)
 .debug_str     0x00000000000ca790      0x1fc ./Drivers/STM32F3xx_HAL_Driver/Src/stm32f3xx_hal_adc.o
                                      0xc993e (size before relaxing)
 .debug_str     0x00000000000ca98c      0x6c8 ./Drivers/STM32F3xx_HAL_Driver/Src/stm32f3xx_hal_adc_ex.o
                                      0xca057 (size before relaxing)
 .debug_str     0x00000000000cb054      0x3d9 ./Drivers/STM32F3xx_HAL_Driver/Src/stm32f3xx_hal_can.o
                                      0xc9ad8 (size before relaxing)
 .debug_str     0x00000000000cb42d      0x325 ./Drivers/STM32F3xx_HAL_Driver/Src/stm32f3xx_hal_cortex.o
                                      0xc9c4c (size before relaxing)
 .debug_str     0x00000000000cb752      0x1ff ./Drivers/STM32F3xx_HAL_Driver/Src/stm32f3xx_hal_dma.o
                                      0xc9699 (size before relaxing)
 .debug_str     0x00000000000cb951      0x15d ./Drivers/STM32F3xx_HAL_Driver/Src/stm32f3xx_hal_gpio.o
                                      0xc9536 (size before relaxing)
 .debug_str     0x00000000000cbaae      0x2cf ./Drivers/STM32F3xx_HAL_Driver/Src/stm32f3xx_hal_rcc.o
                                      0xc97f5 (size before relaxing)
 .debug_str     0x00000000000cbd7d       0xbe ./Drivers/STM32F3xx_HAL_Driver/Src/stm32f3xx_hal_rcc_ex.o
                                      0xc963f (size before relaxing)
 .debug_str     0x00000000000cbe3b      0xdd2 ./Drivers/STM32F3xx_HAL_Driver/Src/stm32f3xx_hal_tim.o
                                      0xca778 (size before relaxing)
 .debug_str     0x00000000000ccc0d      0x4dc ./Drivers/STM32F3xx_HAL_Driver/Src/stm32f3xx_hal_tim_ex.o
                                      0xc9fce (size before relaxing)

.comment        0x0000000000000000       0x50
 .comment       0x0000000000000000       0x50 ./Core/Src/main.o
                                         0x51 (size before relaxing)
 .comment       0x0000000000000050       0x51 ./Core/Src/stm32f3xx_hal_msp.o
 .comment       0x0000000000000050       0x51 ./Core/Src/stm32f3xx_it.o
 .comment       0x0000000000000050       0x51 ./Core/Src/system_stm32f3xx.o
 .comment       0x0000000000000050       0x51 ./Drivers/STM32F3xx_HAL_Driver/Src/stm32f3xx_hal.o
 .comment       0x0000000000000050       0x51 ./Drivers/STM32F3xx_HAL_Driver/Src/stm32f3xx_hal_adc.o
 .comment       0x0000000000000050       0x51 ./Drivers/STM32F3xx_HAL_Driver/Src/stm32f3xx_hal_adc_ex.o
 .comment       0x0000000000000050       0x51 ./Drivers/STM32F3xx_HAL_Driver/Src/stm32f3xx_hal_can.o
 .comment       0x0000000000000050       0x51 ./Drivers/STM32F3xx_HAL_Driver/Src/stm32f3xx_hal_cortex.o
 .comment       0x0000000000000050       0x51 ./Drivers/STM32F3xx_HAL_Driver/Src/stm32f3xx_hal_dma.o
 .comment       0x0000000000000050       0x51 ./Drivers/STM32F3xx_HAL_Driver/Src/stm32f3xx_hal_gpio.o
 .comment       0x0000000000000050       0x51 ./Drivers/STM32F3xx_HAL_Driver/Src/stm32f3xx_hal_rcc.o
 .comment       0x0000000000000050       0x51 ./Drivers/STM32F3xx_HAL_Driver/Src/stm32f3xx_hal_rcc_ex.o
 .comment       0x0000000000000050       0x51 ./Drivers/STM32F3xx_HAL_Driver/Src/stm32f3xx_hal_tim.o
 .comment       0x0000000000000050       0x51 ./Drivers/STM32F3xx_HAL_Driver/Src/stm32f3xx_hal_tim_ex.o

.debug_frame    0x0000000000000000     0x3b28
 .debug_frame   0x0000000000000000      0x1c0 ./Core/Src/main.o
 .debug_frame   0x00000000000001c0      0x110 ./Core/Src/stm32f3xx_hal_msp.o
 .debug_frame   0x00000000000002d0      0x1ac ./Core/Src/stm32f3xx_it.o
 .debug_frame   0x000000000000047c       0x58 ./Core/Src/system_stm32f3xx.o
 .debug_frame   0x00000000000004d4      0x334 ./Drivers/STM32F3xx_HAL_Driver/Src/stm32f3xx_hal.o
 .debug_frame   0x0000000000000808      0x380 ./Drivers/STM32F3xx_HAL_Driver/Src/stm32f3xx_hal_adc.o
 .debug_frame   0x0000000000000b88      0x644 ./Drivers/STM32F3xx_HAL_Driver/Src/stm32f3xx_hal_adc_ex.o
 .debug_frame   0x00000000000011cc      0x5a0 ./Drivers/STM32F3xx_HAL_Driver/Src/stm32f3xx_hal_can.o
 .debug_frame   0x000000000000176c      0x498 ./Drivers/STM32F3xx_HAL_Driver/Src/stm32f3xx_hal_cortex.o
 .debug_frame   0x0000000000001c04      0x224 ./Drivers/STM32F3xx_HAL_Driver/Src/stm32f3xx_hal_dma.o
 .debug_frame   0x0000000000001e28      0x14c ./Drivers/STM32F3xx_HAL_Driver/Src/stm32f3xx_hal_gpio.o
 .debug_frame   0x0000000000001f74      0x214 ./Drivers/STM32F3xx_HAL_Driver/Src/stm32f3xx_hal_rcc.o
 .debug_frame   0x0000000000002188       0xb0 ./Drivers/STM32F3xx_HAL_Driver/Src/stm32f3xx_hal_rcc_ex.o
 .debug_frame   0x0000000000002238     0x121c ./Drivers/STM32F3xx_HAL_Driver/Src/stm32f3xx_hal_tim.o
 .debug_frame   0x0000000000003454      0x688 ./Drivers/STM32F3xx_HAL_Driver/Src/stm32f3xx_hal_tim_ex.o
 .debug_frame   0x0000000000003adc       0x2c /Applications/STM32CubeIDE.app/Contents/Eclipse/plugins/com.st.stm32cube.ide.mcu.externaltools.gnu-tools-for-stm32.10.3-2021.10.macos64_1.0.200.202301161003/tools/bin/../lib/gcc/arm-none-eabi/10.3.1/../../../../arm-none-eabi/lib/thumb/v7e-m+fp/hard/libc_nano.a(lib_a-init.o)
 .debug_frame   0x0000000000003b08       0x20 /Applications/STM32CubeIDE.app/Contents/Eclipse/plugins/com.st.stm32cube.ide.mcu.externaltools.gnu-tools-for-stm32.10.3-2021.10.macos64_1.0.200.202301161003/tools/bin/../lib/gcc/arm-none-eabi/10.3.1/../../../../arm-none-eabi/lib/thumb/v7e-m+fp/hard/libc_nano.a(lib_a-memset.o)
